Arguments: 
  E:\NodeJS\node.exe C:\Users\小Tiger\AppData\Roaming\npm\node_modules\yarn\bin\yarn.js install

PATH: 
  C:\Program Files (x86)\Common Files\Oracle\Java\javapath;C:\WINDOWS\system32;C:\WINDOWS;C:\WINDOWS\System32\Wbem;C:\WINDOWS\System32\WindowsPowerShell\v1.0\;C:\WINDOWS\System32\OpenSSH\;E:\JAVA17\bin;C:\Users\小Tiger\AppData\Roaming\npm;:\xftp\install\;E:\Xshell\install\;E:\NVM\install\nvm;E:\NodeJS;F:\project\NodeProject\projectTwo\node-echo\bin;E:\blender\install;E:\Git\install\Git\cmd;E:\xftp\install\;E:\python3.10\install;E:\python3.10\install\Scripts;C:\Program Files\MySQL\MySQL Shell 8.0\bin\;E:\vscode\install\Microsoft VS Code\bin;E:\NVM\install\nvm;E:\NodeJS

Yarn version: 
  1.22.19

Node version: 
  18.20.3

Platform: 
  win32 x64

Trace: 
  Error: certificate has expired
      at TLSSocket.onConnectSecure (node:_tls_wrap:1659:34)
      at TLSSocket.emit (node:events:517:28)
      at TLSSocket._finishInit (node:_tls_wrap:1070:8)
      at ssl.onhandshakedone (node:_tls_wrap:856:12)

npm manifest: 
  {
    "devDependencies": {
      "vitepress": "^1.0.0-rc.20"
    },
    "scripts": {
      "docs:dev": "vitepress dev docs",
      "docs:build": "vitepress build docs",
      "docs:preview": "vitepress preview docs"
    },
    "license": "MIT"
  }

yarn manifest: 
  No manifest

Lockfile: 
  No lockfile
